python : Traceback (most recent call last):
At line:1 char:1
+ python test_focused.py > test_report.txt 2>&1
+ ~~~~~~~~~~~~~~~~~~~~~~~~~~~~~~~~~~~~~~~~~~~~~
    + CategoryInfo          : NotSpecified: (Traceback (most recent call last)::String) [], RemoteException
    + FullyQualifiedErrorId : NativeCommandError
 
  File "D:\PYTHON\PCRst\test_focused.py", line 221, in <module>
    print("\U0001f527 Running focused PCRst functionality tests...")
  File "C:\Python312\Lib\encodings\cp1252.py", line 19, in encode
2025-07-15 13:05:17,397 - security - INFO - Cleanup completed: {'files_cleaned': 0, 'bytes_freed': 0, 'errors': []}
    return codecs.charmap_encode(input,self.errors,encoding_table)[0]
           ^^^^^^^^^^^^^^^^^^^^^^^^^^^^^^^^^^^^^^^^^^^^^^^^^^^^^^^
UnicodeEncodeError: 'charmap' codec can't encode character '\U0001f527' in position 0: character maps to <undefined>
